2026-07-31 18:01:15 [main] INFO  org.testng.internal.Utils - [TestNG] Running:
  C:\Users\2457217\IdeaProjects\DemoQA_V03\testng-bdd.xml

2026-07-31 18:16:12 [main] INFO  org.testng.internal.Utils - [TestNG] Running:
  C:\Users\2457217\IdeaProjects\DemoQA_V03\testng-bdd.xml

2026-07-31 18:20:32 [main] INFO  org.testng.internal.Utils - [TestNG] Running:
  C:\Users\2457217\IdeaProjects\DemoQA_V03\testng-nonbdd.xml

2026-07-31 18:21:01 [main] INFO  org.testng.internal.Utils - [TestNG] Running:
  C:\Users\2457217\IdeaProjects\DemoQA_V03\testng-nonbdd.xml

2026-07-31 18:24:54 [main] INFO  org.testng.internal.Utils - [TestNG] Running:
  C:\Users\2457217\IdeaProjects\DemoQA_V03\testng-nonbdd.xml

2026-07-31 18:31:30 [main] INFO  org.testng.internal.Utils - [TestNG] Running:
  C:\Users\2457217\IdeaProjects\DemoQA_V03\testng-nonbdd.xml

2026-07-31 18:38:13 [main] INFO  org.testng.internal.Utils - [TestNG] Running:
  C:\Users\2457217\IdeaProjects\DemoQA_V03\testng-nonbdd.xml

2026-07-31 18:41:27 [main] INFO  org.testng.internal.Utils - [TestNG] Running:
  C:\Users\2457217\IdeaProjects\DemoQA_V03\testng-bdd.xml

2026-07-31 18:50:00 [main] INFO  org.testng.internal.Utils - [TestNG] Running:
  C:\Users\2457217\IdeaProjects\DemoQA_V03\testng-bdd.xml

2026-07-31 19:00:29 [main] INFO  org.testng.internal.Utils - [TestNG] Running:
  C:\Users\2457217\IdeaProjects\DemoQA_V03\testng-nonbdd.xml

2026-07-31 19:06:43 [main] INFO  org.testng.internal.Utils - [TestNG] Running:
  C:\Users\2457217\IdeaProjects\DemoQA_V03\testng-bdd.xml

2026-07-31 19:11:48 [main] INFO  org.testng.internal.Utils - [TestNG] Running:
  C:\Users\2457217\IdeaProjects\DemoQA_V03\testng-bdd.xml

2026-07-31 19:19:12 [main] INFO  org.testng.internal.Utils - [TestNG] Running:
  C:\Users\2457217\IdeaProjects\DemoQA_V03\testng-bdd.xml

2026-07-31 19:28:03 [main] INFO  org.testng.internal.Utils - [TestNG] Running:
  C:\Users\2457217\IdeaProjects\DemoQA_V03\testng-bdd.xml

2026-07-31 19:30:55 [main] INFO  org.testng.internal.Utils - [TestNG] Running:
  C:\Users\2457217\IdeaProjects\DemoQA_V03\testng-bdd.xml

2026-07-31 19:32:57 [main] INFO  org.testng.internal.Utils - [TestNG] Running:
  C:\Users\2457217\IdeaProjects\DemoQA_V03\testng-bdd.xml

2026-07-31 19:39:35 [main] INFO  org.testng.internal.Utils - [TestNG] Running:
  C:\Users\2457217\IdeaProjects\DemoQA_V03\testng-nonbdd.xml

2026-07-31 19:45:51 [main] INFO  org.testng.internal.Utils - [TestNG] Running:
  C:\Users\2457217\IdeaProjects\DemoQA_V03\testng-nonbdd.xml

2026-07-31 19:53:06 [main] INFO  org.testng.internal.Utils - [TestNG] Running:
  C:\Users\2457217\IdeaProjects\DemoQA_V03\testng-nonbdd.xml

2026-07-31 19:58:52 [main] INFO  org.testng.internal.Utils - [TestNG] Running:
  C:\Users\2457217\IdeaProjects\DemoQA_V03\testng-nonbdd.xml

2026-07-31 20:02:55 [main] INFO  com.demoqa.hooks.CucumberHooks - ========== Starting BDD Scenario: Select radio buttons and verify states ==========
2026-07-31 20:03:02 [main] INFO  com.demoqa.hooks.CucumberHooks - Scenario Finished: Select radio buttons and verify states | Status: PASSED
2026-07-31 20:03:02 [main] INFO  com.demoqa.hooks.CucumberHooks - ==========================================================================
2026-07-31 20:03:55 [main] INFO  org.testng.internal.Utils - [TestNG] Running:
  C:\Users\2457217\IdeaProjects\DemoQA_V03\testng-bdd.xml

2026-07-31 20:14:43 [main] INFO  org.testng.internal.Utils - [TestNG] Running:
  C:\Users\2457217\IdeaProjects\DemoQA_V03\testng-combined.xml

