2026-07-31 18:38:13 [main] INFO  com.demoqa.listeners.TestListener - ========== SUITE EXECUTION STARTED: Non-BDD ==========
2026-07-31 18:38:17 [main] INFO  com.demoqa.listeners.TestListener - Starting Test: testTextBoxSubmission
2026-07-31 18:38:21 [main] INFO  com.demoqa.listeners.TestListener - Test Passed: testTextBoxSubmission
2026-07-31 18:38:28 [main] INFO  com.demoqa.listeners.TestListener - Starting Test: testComplexTreeCheckboxes
2026-07-31 18:38:32 [main] INFO  com.demoqa.listeners.TestListener - Test Passed: testComplexTreeCheckboxes
2026-07-31 18:38:38 [main] INFO  com.demoqa.listeners.TestListener - Starting Test: testRadioSelections
2026-07-31 18:38:41 [main] INFO  com.demoqa.listeners.TestListener - Test Passed: testRadioSelections
2026-07-31 18:38:48 [main] INFO  com.demoqa.listeners.TestListener - Starting Test: testTableRecordOperations
2026-07-31 18:39:02 [main] INFO  com.demoqa.listeners.TestListener - Test Passed: testTableRecordOperations
2026-07-31 18:39:11 [main] INFO  com.demoqa.listeners.TestListener - Starting Test: testAdvancedInteractions
2026-07-31 18:39:15 [main] INFO  com.demoqa.listeners.TestListener - Test Passed: testAdvancedInteractions
2026-07-31 18:39:22 [main] INFO  com.demoqa.listeners.TestListener - Starting Test: testWindowNavigationAndMockApiLinks
2026-07-31 18:39:27 [main] INFO  com.demoqa.listeners.TestListener - Test Passed: testWindowNavigationAndMockApiLinks
2026-07-31 18:39:35 [main] INFO  com.demoqa.listeners.TestListener - Starting Test: testAssetsAndHyperlinks
2026-07-31 18:39:39 [main] INFO  com.demoqa.listeners.TestListener - Test Passed: testAssetsAndHyperlinks
2026-07-31 18:39:47 [main] INFO  com.demoqa.listeners.TestListener - Starting Test: testFileTransferModules
2026-07-31 18:39:50 [main] INFO  com.demoqa.listeners.TestListener - Test Passed: testFileTransferModules
2026-07-31 18:39:58 [main] INFO  com.demoqa.listeners.TestListener - Starting Test: testDynamicDelays
2026-07-31 18:40:06 [main] INFO  com.demoqa.listeners.TestListener - Test Passed: testDynamicDelays
2026-07-31 18:40:12 [main] INFO  com.demoqa.listeners.TestListener - ========== SUITE EXECUTION FINISHED: Non-BDD ==========
2026-07-31 19:00:29 [main] INFO  com.demoqa.listeners.TestListener - ========== SUITE EXECUTION STARTED: Non-BDD ==========
2026-07-31 19:00:33 [main] INFO  com.demoqa.listeners.TestListener - Starting Test: testTextBoxSubmission
2026-07-31 19:00:37 [main] INFO  com.demoqa.listeners.TestListener - Test Passed: testTextBoxSubmission
2026-07-31 19:00:44 [main] INFO  com.demoqa.listeners.TestListener - Starting Test: testComplexTreeCheckboxes
2026-07-31 19:00:48 [main] INFO  com.demoqa.listeners.TestListener - Test Passed: testComplexTreeCheckboxes
2026-07-31 19:00:55 [main] INFO  com.demoqa.listeners.TestListener - Starting Test: testRadioSelections
2026-07-31 19:00:58 [main] INFO  com.demoqa.listeners.TestListener - Test Passed: testRadioSelections
2026-07-31 19:01:05 [main] INFO  com.demoqa.listeners.TestListener - Starting Test: testTableRecordOperations
2026-07-31 19:01:19 [main] INFO  com.demoqa.listeners.TestListener - Test Passed: testTableRecordOperations
2026-07-31 19:01:27 [main] INFO  com.demoqa.listeners.TestListener - Starting Test: testAdvancedInteractions
2026-07-31 19:01:32 [main] INFO  com.demoqa.listeners.TestListener - Test Passed: testAdvancedInteractions
2026-07-31 19:01:39 [main] INFO  com.demoqa.listeners.TestListener - Starting Test: testWindowNavigationAndMockApiLinks
2026-07-31 19:01:43 [main] INFO  com.demoqa.listeners.TestListener - Test Passed: testWindowNavigationAndMockApiLinks
2026-07-31 19:01:50 [main] INFO  com.demoqa.listeners.TestListener - Starting Test: testAssetsAndHyperlinks
2026-07-31 19:01:54 [main] INFO  com.demoqa.listeners.TestListener - Test Passed: testAssetsAndHyperlinks
2026-07-31 19:02:01 [main] INFO  com.demoqa.listeners.TestListener - Starting Test: testFileTransferModules
2026-07-31 19:02:05 [main] INFO  com.demoqa.listeners.TestListener - Test Passed: testFileTransferModules
2026-07-31 19:02:12 [main] INFO  com.demoqa.listeners.TestListener - Starting Test: testDynamicDelays
2026-07-31 19:02:20 [main] INFO  com.demoqa.listeners.TestListener - Test Passed: testDynamicDelays
2026-07-31 19:02:24 [main] INFO  com.demoqa.listeners.TestListener - ========== SUITE EXECUTION FINISHED: Non-BDD ==========
2026-07-31 19:39:35 [main] INFO  com.demoqa.listeners.TestListener - ========== SUITE EXECUTION STARTED: Non-BDD ==========
2026-07-31 19:39:39 [main] INFO  com.demoqa.listeners.TestListener - Starting Test: testTextBoxSubmission
2026-07-31 19:39:43 [main] INFO  com.demoqa.listeners.TestListener - Test Passed: testTextBoxSubmission
2026-07-31 19:39:50 [main] INFO  com.demoqa.listeners.TestListener - Starting Test: testComplexTreeCheckboxes
2026-07-31 19:39:54 [main] INFO  com.demoqa.listeners.TestListener - Test Passed: testComplexTreeCheckboxes
2026-07-31 19:40:01 [main] INFO  com.demoqa.listeners.TestListener - Starting Test: testRadioSelections
2026-07-31 19:40:06 [main] ERROR com.demoqa.listeners.TestListener - Test Failed: testRadioSelections | Reason: expected [true] but found [false]
2026-07-31 19:40:06 [main] INFO  com.demoqa.listeners.TestListener - Screenshot saved at: C:\Users\2457217\IdeaProjects\DemoQA_V03/screenshots/Non-BDD/testRadioSelections_20260731_194006.png
2026-07-31 19:40:13 [main] INFO  com.demoqa.listeners.TestListener - Starting Test: testTableRecordOperations
2026-07-31 19:40:33 [main] INFO  com.demoqa.listeners.TestListener - Test Passed: testTableRecordOperations
2026-07-31 19:40:41 [main] INFO  com.demoqa.listeners.TestListener - Starting Test: testAdvancedInteractions
2026-07-31 19:40:47 [main] INFO  com.demoqa.listeners.TestListener - Test Passed: testAdvancedInteractions
2026-07-31 19:40:54 [main] INFO  com.demoqa.listeners.TestListener - Starting Test: testWindowNavigationAndMockApiLinks
2026-07-31 19:40:59 [main] INFO  com.demoqa.listeners.TestListener - Test Passed: testWindowNavigationAndMockApiLinks
2026-07-31 19:41:06 [main] INFO  com.demoqa.listeners.TestListener - Starting Test: testAssetsAndHyperlinks
2026-07-31 19:41:14 [main] INFO  com.demoqa.listeners.TestListener - Test Passed: testAssetsAndHyperlinks
2026-07-31 19:41:22 [main] INFO  com.demoqa.listeners.TestListener - Starting Test: testFileTransferModules
2026-07-31 19:41:26 [main] INFO  com.demoqa.listeners.TestListener - Test Passed: testFileTransferModules
2026-07-31 19:41:34 [main] INFO  com.demoqa.listeners.TestListener - Starting Test: testDynamicDelays
2026-07-31 19:41:42 [main] INFO  com.demoqa.listeners.TestListener - Test Passed: testDynamicDelays
2026-07-31 19:41:47 [main] INFO  com.demoqa.listeners.TestListener - ========== SUITE EXECUTION FINISHED: Non-BDD ==========
2026-07-31 19:45:51 [main] INFO  com.demoqa.listeners.TestListener - ========== SUITE EXECUTION STARTED: Non-BDD ==========
2026-07-31 19:45:55 [main] INFO  com.demoqa.listeners.TestListener - Starting Test: testTextBoxSubmission
2026-07-31 19:45:59 [main] INFO  com.demoqa.listeners.TestListener - Test Passed: testTextBoxSubmission
2026-07-31 19:46:07 [main] INFO  com.demoqa.listeners.TestListener - Starting Test: testComplexTreeCheckboxes
2026-07-31 19:46:11 [main] INFO  com.demoqa.listeners.TestListener - Test Passed: testComplexTreeCheckboxes
2026-07-31 19:46:18 [main] INFO  com.demoqa.listeners.TestListener - Starting Test: testRadioSelections
2026-07-31 19:46:21 [main] ERROR com.demoqa.listeners.TestListener - Test Failed: testRadioSelections | Reason: expected [true] but found [false]
2026-07-31 19:46:21 [main] INFO  com.demoqa.listeners.TestListener - Screenshot saved at: C:\Users\2457217\IdeaProjects\DemoQA_V03/screenshots/Non-BDD/testRadioSelections_20260731_194621.png
2026-07-31 19:46:28 [main] INFO  com.demoqa.listeners.TestListener - Starting Test: testTableRecordOperations
2026-07-31 19:46:48 [main] INFO  com.demoqa.listeners.TestListener - Test Passed: testTableRecordOperations
2026-07-31 19:46:55 [main] INFO  com.demoqa.listeners.TestListener - Starting Test: testAdvancedInteractions
2026-07-31 19:47:04 [main] INFO  com.demoqa.listeners.TestListener - Test Passed: testAdvancedInteractions
2026-07-31 19:47:12 [main] INFO  com.demoqa.listeners.TestListener - Starting Test: testWindowNavigationAndMockApiLinks
2026-07-31 19:47:16 [main] INFO  com.demoqa.listeners.TestListener - Test Passed: testWindowNavigationAndMockApiLinks
2026-07-31 19:47:23 [main] INFO  com.demoqa.listeners.TestListener - Starting Test: testAssetsAndHyperlinks
2026-07-31 19:47:28 [main] INFO  com.demoqa.listeners.TestListener - Test Passed: testAssetsAndHyperlinks
2026-07-31 19:47:35 [main] INFO  com.demoqa.listeners.TestListener - Starting Test: testFileTransferModules
2026-07-31 19:47:39 [main] INFO  com.demoqa.listeners.TestListener - Test Passed: testFileTransferModules
2026-07-31 19:47:48 [main] INFO  com.demoqa.listeners.TestListener - Starting Test: testDynamicDelays
2026-07-31 19:47:55 [main] INFO  com.demoqa.listeners.TestListener - Test Passed: testDynamicDelays
2026-07-31 19:48:00 [main] INFO  com.demoqa.listeners.TestListener - ========== SUITE EXECUTION FINISHED: Non-BDD ==========
2026-07-31 19:53:06 [main] INFO  com.demoqa.listeners.TestListener - ========== SUITE EXECUTION STARTED: Non-BDD ==========
2026-07-31 19:53:10 [main] INFO  com.demoqa.listeners.TestListener - Starting Test: testTextBoxSubmission
2026-07-31 19:53:15 [main] INFO  com.demoqa.listeners.TestListener - Test Passed: testTextBoxSubmission
2026-07-31 19:53:22 [main] INFO  com.demoqa.listeners.TestListener - Starting Test: testComplexTreeCheckboxes
2026-07-31 19:53:28 [main] INFO  com.demoqa.listeners.TestListener - Test Passed: testComplexTreeCheckboxes
2026-07-31 19:53:35 [main] INFO  com.demoqa.listeners.TestListener - Starting Test: testRadioSelections
2026-07-31 19:53:38 [main] ERROR com.demoqa.listeners.TestListener - Test Failed: testRadioSelections | Reason: expected [true] but found [false]
2026-07-31 19:53:38 [main] INFO  com.demoqa.listeners.TestListener - Screenshot saved at: C:\Users\2457217\IdeaProjects\DemoQA_V03/screenshots/Non-BDD/testRadioSelections_20260731_195338.png
2026-07-31 19:53:45 [main] INFO  com.demoqa.listeners.TestListener - Starting Test: testTableRecordOperations
2026-07-31 19:54:02 [main] INFO  com.demoqa.listeners.TestListener - Test Passed: testTableRecordOperations
2026-07-31 19:54:10 [main] INFO  com.demoqa.listeners.TestListener - Starting Test: testAdvancedInteractions
2026-07-31 19:54:14 [main] INFO  com.demoqa.listeners.TestListener - Test Passed: testAdvancedInteractions
2026-07-31 19:54:21 [main] INFO  com.demoqa.listeners.TestListener - Starting Test: testWindowNavigationAndMockApiLinks
2026-07-31 19:54:25 [main] INFO  com.demoqa.listeners.TestListener - Test Passed: testWindowNavigationAndMockApiLinks
2026-07-31 19:54:32 [main] INFO  com.demoqa.listeners.TestListener - Starting Test: testAssetsAndHyperlinks
2026-07-31 19:54:36 [main] INFO  com.demoqa.listeners.TestListener - Test Passed: testAssetsAndHyperlinks
2026-07-31 19:54:43 [main] INFO  com.demoqa.listeners.TestListener - Starting Test: testFileTransferModules
2026-07-31 19:54:47 [main] INFO  com.demoqa.listeners.TestListener - Test Passed: testFileTransferModules
2026-07-31 19:54:54 [main] INFO  com.demoqa.listeners.TestListener - Starting Test: testDynamicDelays
2026-07-31 19:55:02 [main] INFO  com.demoqa.listeners.TestListener - Test Passed: testDynamicDelays
2026-07-31 19:55:07 [main] INFO  com.demoqa.listeners.TestListener - ========== SUITE EXECUTION FINISHED: Non-BDD ==========
2026-07-31 19:58:52 [main] INFO  com.demoqa.listeners.TestListener - ========== SUITE EXECUTION STARTED: Non-BDD ==========
2026-07-31 19:58:56 [main] INFO  com.demoqa.listeners.TestListener - Starting Test: testTextBoxSubmission
2026-07-31 19:59:01 [main] INFO  com.demoqa.listeners.TestListener - Test Passed: testTextBoxSubmission
2026-07-31 19:59:07 [main] INFO  com.demoqa.listeners.TestListener - Starting Test: testComplexTreeCheckboxes
2026-07-31 19:59:15 [main] INFO  com.demoqa.listeners.TestListener - Test Passed: testComplexTreeCheckboxes
2026-07-31 19:59:22 [main] INFO  com.demoqa.listeners.TestListener - Starting Test: testRadioSelections
2026-07-31 19:59:25 [main] ERROR com.demoqa.listeners.TestListener - Test Failed: testRadioSelections | Reason: expected [true] but found [false]
2026-07-31 19:59:25 [main] INFO  com.demoqa.listeners.TestListener - Screenshot saved at: C:\Users\2457217\IdeaProjects\DemoQA_V03/screenshots/Non-BDD/testRadioSelections_20260731_195925.png
2026-07-31 19:59:32 [main] INFO  com.demoqa.listeners.TestListener - Starting Test: testTableRecordOperations
2026-07-31 19:59:47 [main] INFO  com.demoqa.listeners.TestListener - Test Passed: testTableRecordOperations
2026-07-31 19:59:55 [main] INFO  com.demoqa.listeners.TestListener - Starting Test: testAdvancedInteractions
2026-07-31 20:00:05 [main] INFO  com.demoqa.listeners.TestListener - Test Passed: testAdvancedInteractions
2026-07-31 20:00:13 [main] INFO  com.demoqa.listeners.TestListener - Starting Test: testWindowNavigationAndMockApiLinks
2026-07-31 20:00:20 [main] INFO  com.demoqa.listeners.TestListener - Test Passed: testWindowNavigationAndMockApiLinks
2026-07-31 20:00:28 [main] INFO  com.demoqa.listeners.TestListener - Starting Test: testAssetsAndHyperlinks
2026-07-31 20:00:35 [main] INFO  com.demoqa.listeners.TestListener - Test Passed: testAssetsAndHyperlinks
2026-07-31 20:00:43 [main] INFO  com.demoqa.listeners.TestListener - Starting Test: testFileTransferModules
2026-07-31 20:00:47 [main] INFO  com.demoqa.listeners.TestListener - Test Passed: testFileTransferModules
2026-07-31 20:00:56 [main] INFO  com.demoqa.listeners.TestListener - Starting Test: testDynamicDelays
2026-07-31 20:01:08 [main] INFO  com.demoqa.listeners.TestListener - Test Passed: testDynamicDelays
2026-07-31 20:01:14 [main] INFO  com.demoqa.listeners.TestListener - ========== SUITE EXECUTION FINISHED: Non-BDD ==========
